// Jest Snapshot v1, https://goo.gl/fbAQLP

exports[`renders correctly 1`] = `
<View
  style={
    {
      "backgroundColor": "#f2f2f2",
      "flex": 1,
    }
  }
>
  <View
    style={
      {
        "alignItems": "center",
        "flex": 2,
        "justifyContent": "center",
      }
    }
  >
    <Image
      source={
        {
          "uri": "https://cdn-icons-png.flaticon.com/512/2954/2954893.png",
        }
      }
      style={
        {
          "height": 75,
          "width": 75,
        }
      }
    />
  </View>
  <View
    style={
      {
        "alignItems": "center",
        "flex": 2,
        "justifyContent": "center",
      }
    }
  >
    <Text
      style={
        {
          "fontSize": 24,
          "fontWeight": "bold",
        }
      }
    >
      Welcome!
    </Text>
  </View>
</View>
`;

exports[`renders the Flatlist component 1`] = `
<RCTScrollView
  data={
    [
      "Item1",
      "Item2",
      "Item3",
    ]
  }
  getItem={[Function]}
  getItemCount={[Function]}
  keyExtractor={[Function]}
  onContentSizeChange={[Function]}
  onLayout={[Function]}
  onMomentumScrollBegin={[Function]}
  onMomentumScrollEnd={[Function]}
  onScroll={[Function]}
  onScrollBeginDrag={[Function]}
  onScrollEndDrag={[Function]}
  removeClippedSubviews={false}
  renderItem={[Function]}
  scrollEventThrottle={0.0001}
  stickyHeaderIndices={[]}
  viewabilityConfigCallbackPairs={[]}
>
  <View>
    <View
      onFocusCapture={[Function]}
      onLayout={[Function]}
      style={null}
    >
      <Text>
        Item1
      </Text>
    </View>
    <View
      onFocusCapture={[Function]}
      onLayout={[Function]}
      style={null}
    >
      <Text>
        Item2
      </Text>
    </View>
    <View
      onFocusCapture={[Function]}
      onLayout={[Function]}
      style={null}
    >
      <Text>
        Item3
      </Text>
    </View>
  </View>
</RCTScrollView>
`;
